// Jest Snapshot v1, https://goo.gl/fbAQLP

exports[`should display multi-measure reports 1`] = `
Object {
  "body": Array [
    Array [
      "a name",
      1,
      "Duration: 1",
    ],
    Array [
      "b",
      2,
      "Duration: 2",
    ],
    Array [
      "c",
      3,
      "Duration: 3",
    ],
  ],
  "head": Array [
    "Process instance Start date",
    Object {
      "id": "Count",
      "label": "Count",
      "sortable": false,
    },
    Object {
      "id": "Duration - Avg",
      "label": "Duration - Avg",
      "sortable": false,
    },
  ],
}
`;
