// Jest Snapshot v1, https://goo.gl/fbAQLP

exports[`should show an error message when it is not possible to initilize the translation 1`] = `
<ErrorPage
  noLink={true}
  text="Optimize could not be loaded, please make sure the server is running"
>
  <ForwardRef(Button)
    link={true}
    onClick={[Function]}
  >
    Reload
  </ForwardRef(Button)>
</ErrorPage>
`;
