// Jest Snapshot v1, https://goo.gl/fbAQLP

exports[`should apply templates from the location state 1`] = `
Object {
  "configuration": Object {
    "data": "rest of configuration",
    "xml": "processXML",
  },
  "groupBy": Object {
    "type": "flowNodes",
    "value": null,
  },
  "processDefinitionKey": "key",
  "processDefinitionName": "Definition Name",
  "processDefinitionVersions": Array [
    "all",
  ],
  "tenantIds": Array [
    null,
    "a",
  ],
  "view": Object {
    "entity": "flowNode",
    "properties": Array [
      "frequency",
    ],
  },
  "visualization": "heat",
}
`;
