// Jest Snapshot v1, https://goo.gl/fbAQLP

exports[`should match snapshot 1`] = `
<Modal
  className="EditSourceModal"
  onClose={[MockFunction]}
  open={true}
>
  <ForwardRef(ModalHeader)
    title="Edit tenants - defName"
  />
  <ForwardRef>
    <Checklist
      allItems={
        Array [
          Object {
            "id": null,
            "name": "Not defined",
          },
          Object {
            "id": "test",
            "name": "testName",
          },
          Object {
            "id": "__unauthorizedTenantId__",
            "name": "unauthorizedTenant",
          },
        ]
      }
      columnLabel="Tenant"
      loading={false}
      onChange={[Function]}
      selectedItems={
        Array [
          Object {
            "id": null,
            "name": "Not defined",
          },
          Object {
            "id": "__unauthorizedTenantId__",
            "name": "unauthorizedTenant",
          },
        ]
      }
    />
  </ForwardRef>
  <ForwardRef(ModalFooter)>
    <Button
      className="cancel"
      kind="secondary"
      onClick={[MockFunction]}
    >
      Cancel
    </Button>
    <Button
      className="confirm"
      disabled={false}
      onClick={[Function]}
    >
      Apply
    </Button>
  </ForwardRef(ModalFooter)>
</Modal>
`;
