// Jest Snapshot v1, https://goo.gl/fbAQLP

exports[`should include the selected parameters in the link state when creating a report 1`] = `
Object {
  "pathname": "report/new/edit",
  "state": Object {
    "definitions": Array [
      Object {
        "displayName": "Process Definition Name",
        "identifier": "definition",
        "key": "processDefinition",
        "name": "Process Definition Name",
        "tenantIds": Array [
          null,
        ],
        "versions": Array [
          "1",
        ],
      },
    ],
    "description": "Locate duration or count bottlenecks visualized as heatmap for flow nodes.",
    "name": "Locate bottlenecks on a heatmap",
    "template": Object {
      "view": Object {
        "entity": "flowNode",
        "properties": Array [
          "frequency",
        ],
      },
    },
    "xml": "processXML",
  },
}
`;
