// Jest Snapshot v1, https://goo.gl/fbAQLP

exports[`should match snapshot 1`] = `
<div
  className="DateFields"
  onKeyDown={[Function]}
>
  <div
    className="inputContainer"
  >
    <ForwardRef
      hideLabel={true}
      id="dateFieldsBefore"
      invalid={false}
      labelText="Before"
      onChange={[Function]}
      onClick={[Function]}
      onFocus={[Function]}
      onSubmit={[Function]}
      value="2017-08-29"
    />
    <ForwardRef
      hideLabel={true}
      id="dateFieldsAfter"
      invalid={false}
      labelText="After"
      onChange={[Function]}
      onClick={[Function]}
      onFocus={[Function]}
      onSubmit={[Function]}
      value="2020-06-05"
    />
  </div>
</div>
`;
