// Jest Snapshot v1, https://goo.gl/fbAQLP

exports[`should show create Alert button 1`] = `
<Button
  className="createAlert"
  kind="primary"
  onClick={[Function]}
>
  Create new alert
</Button>
`;
