// Jest Snapshot v1, https://goo.gl/fbAQLP

exports[`should contain editing tile addons 1`] = `
Array [
  <DragOverlay />,
  <EditButton />,
  <CopyButton />,
  <DeleteButton />,
]
`;

exports[`should react to layout changes 1`] = `
Array [
  Object {
    "dimensions": Object {
      "height": 4,
      "width": 2,
    },
    "id": "1",
    "position": Object {
      "x": 0,
      "y": 0,
    },
  },
  Object {
    "dimensions": Object {
      "height": 4,
      "width": 3,
    },
    "id": "2",
    "position": Object {
      "x": 3,
      "y": 2,
    },
  },
]
`;
