// Jest Snapshot v1, https://goo.gl/fbAQLP

exports[`should match snapshot 1`] = `
<div
  className="ZoomControls"
>
  <ForwardRef(IconButton)
    align="left"
    className="reset"
    key="reset"
    kind="tertiary"
    label="Reset diagram zoom"
    onClick={[MockFunction]}
    size="sm"
  >
    <ForwardRef(CenterCircle) />
  </ForwardRef(IconButton)>
  <ForwardRef(IconButton)
    align="left"
    className="zoomIn"
    key="zoomIn"
    kind="tertiary"
    label="Zoom in diagram"
    onClick={[Function]}
    size="sm"
  >
    <ForwardRef(Add) />
  </ForwardRef(IconButton)>
  <ForwardRef(IconButton)
    align="left"
    className="zoomOut"
    key="zoomOut"
    kind="tertiary"
    label="Zoom out diagram"
    onClick={[Function]}
    size="sm"
  >
    <ForwardRef(Subtract) />
  </ForwardRef(IconButton)>
</div>
`;
